........................................................................ [ 77%]
.....................                                                    [100%]
93 passed in 1.53s
